// Jest Snapshot v1, https://goo.gl/fbAQLP

exports[`<NavLinks/> should match snapshot 1`] = `
.c0 {
  display: flex;
  flex-flow: row wrap;
}

.c1 {
  display: block;
  text-decoration: none;
  font-size: 1.6rem;
  padding: 1.6rem;
  color: #0A1128;
  position: relative;
}

.c1::after {
  content: '';
  position: absolute;
  bottom: 0.7rem;
  left: 50%;
  width: 0;
  height: 0.2rem;
  background: #DC143C;
  transition: all 300ms ease-in-out;
}

.c1:hover::after {
  left: 25%;
  width: 50%;
}

@media (max-width: 768px) {
  .c0 {
    flex-flow: column wrap;
    align-content: center;
  }
}

<div>
  <nav
    class="c0"
  >
    <a
      class="c1"
      href="#target 1"
      target="_self"
    >
      Link 1
    </a>
    <a
      class="c1"
      href="#target 2"
      target="_self"
    >
      Link 2
    </a>
    <a
      class="c1"
      href="#target 3"
      target="_self"
    >
      Link 3
    </a>
    <a
      class="c1"
      href="#target 4"
      target="_self"
    >
      Link 4
    </a>
    <a
      class="c1"
      href="#target 5"
      target="_self"
    >
      Link 5
    </a>
    <a
      class="c1"
      href="#target 6"
      target="_self"
    >
      Link 6
    </a>
    <a
      class="c1"
      href="#target 7"
      target="_self"
    >
      Link 7
    </a>
  </nav>
</div>
`;
