// Jest Snapshot v1, https://goo.gl/fbAQLP

exports[`<GridText/> should render with background 1`] = `
.c4 {
  color: #0A1128;
  font-size: 6.4rem;
  text-transform: uppercase;
}

.c9 {
  color: #0A1128;
  font-size: 3.2rem;
  text-transform: none;
}

.c6 {
  font-size: 2.4rem;
}

.c2 .c5 {
  margin-bottom: 6.4rem;
}

.c7 {
  counter-reset: grid-counter;
  display: grid;
  grid-template-columns: repeat(auto-fill, minmax(280px, 1fr));
  gap: 3.2rem;
}

.c8 .c3 {
  position: relative;
  left: 5rem;
}

.c8 .c3::before {
  counter-increment: grid-counter;
  content: counter(grid-counter);
  position: absolute;
  font-size: 7rem;
  top: -3rem;
  left: -5rem;
  transform: rotate(7deg);
}

.c0 {
  display: flex;
  align-items: center;
  min-height: 100vh;
  background: #FFFFFF;
  color: #0A1128;
}

.c1 {
  max-width: 120rem;
  margin: 0 auto;
  padding: 3.2rem;
}

@media (max-width:768px) {
  .c4 {
    font-size: 4rem;
  }
}

<div>
  <div
    class="c0"
  >
    <div
      class="c1"
    >
      <div
        class="c2"
      >
        <h2
          class="c3 c4"
        >
          My grid
        </h2>
        <p
          class="c5 c6"
        >
          Lorem ipsum dolor sit, amet consectetur adipisicing elit. Provident harum quo esse cupiditate et ab optio debitis, est facilis in deleniti inventore vel aperiam cumque consequuntur nesciunt nemo qui necessitatibus.
        </p>
        <div
          class="c7"
        >
          <div
            class="c8"
          >
            <h3
              class="c3 c9"
            >
              Teste 1
            </h3>
            <p
              class="c5 c6"
            >
              Lorem ipsum dolor sit amet consectetur, adipisicing elit. Autem vitae unde at, iste quaerat, numquam ullam natus molestiae voluptatum dolorem quibusdam iusto reprehenderit maxime suscipit, accusantium quos? Ipsam pariatur fugit molestias perferendis nisi quis quaerat nemo, totam, quos, doloribus consectetur?
            </p>
          </div>
          <div
            class="c8"
          >
            <h3
              class="c3 c9"
            >
              Teste 2
            </h3>
            <p
              class="c5 c6"
            >
              Lorem ipsum dolor sit amet consectetur, adipisicing elit. Autem vitae unde at, iste quaerat, numquam ullam natus molestiae voluptatum dolorem quibusdam iusto reprehenderit maxime suscipit, accusantium quos? Ipsam pariatur fugit molestias perferendis nisi quis quaerat nemo, totam, quos, doloribus consectetur?
            </p>
          </div>
          <div
            class="c8"
          >
            <h3
              class="c3 c9"
            >
              Teste 3
            </h3>
            <p
              class="c5 c6"
            >
              Lorem ipsum dolor sit amet consectetur, adipisicing elit. Autem vitae unde at, iste quaerat, numquam ullam natus molestiae voluptatum dolorem quibusdam iusto reprehenderit maxime suscipit, accusantium quos? Ipsam pariatur fugit molestias perferendis nisi quis quaerat nemo, totam, quos, doloribus consectetur?
            </p>
          </div>
        </div>
      </div>
    </div>
  </div>
</div>
`;

exports[`<GridText/> should render withou background 1`] = `
.c4 {
  color: #0A1128;
  font-size: 6.4rem;
  text-transform: uppercase;
}

.c9 {
  color: #0A1128;
  font-size: 3.2rem;
  text-transform: none;
}

.c6 {
  font-size: 2.4rem;
}

.c2 .c5 {
  margin-bottom: 6.4rem;
}

.c7 {
  counter-reset: grid-counter;
  display: grid;
  grid-template-columns: repeat(auto-fill, minmax(280px, 1fr));
  gap: 3.2rem;
}

.c8 .c3 {
  position: relative;
  left: 5rem;
}

.c8 .c3::before {
  counter-increment: grid-counter;
  content: counter(grid-counter);
  position: absolute;
  font-size: 7rem;
  top: -3rem;
  left: -5rem;
  transform: rotate(7deg);
}

.c0 {
  display: flex;
  align-items: center;
  min-height: 100vh;
  background: #FFFFFF;
  color: #0A1128;
}

.c1 {
  max-width: 120rem;
  margin: 0 auto;
  padding: 3.2rem;
}

@media (max-width:768px) {
  .c4 {
    font-size: 4rem;
  }
}

<div>
  <div
    class="c0"
  >
    <div
      class="c1"
    >
      <div
        class="c2"
      >
        <h2
          class="c3 c4"
        >
          My grid
        </h2>
        <p
          class="c5 c6"
        >
          Lorem ipsum dolor sit, amet consectetur adipisicing elit. Provident harum quo esse cupiditate et ab optio debitis, est facilis in deleniti inventore vel aperiam cumque consequuntur nesciunt nemo qui necessitatibus.
        </p>
        <div
          class="c7"
        >
          <div
            class="c8"
          >
            <h3
              class="c3 c9"
            >
              Teste 1
            </h3>
            <p
              class="c5 c6"
            >
              Lorem ipsum dolor sit amet consectetur, adipisicing elit. Autem vitae unde at, iste quaerat, numquam ullam natus molestiae voluptatum dolorem quibusdam iusto reprehenderit maxime suscipit, accusantium quos? Ipsam pariatur fugit molestias perferendis nisi quis quaerat nemo, totam, quos, doloribus consectetur?
            </p>
          </div>
          <div
            class="c8"
          >
            <h3
              class="c3 c9"
            >
              Teste 2
            </h3>
            <p
              class="c5 c6"
            >
              Lorem ipsum dolor sit amet consectetur, adipisicing elit. Autem vitae unde at, iste quaerat, numquam ullam natus molestiae voluptatum dolorem quibusdam iusto reprehenderit maxime suscipit, accusantium quos? Ipsam pariatur fugit molestias perferendis nisi quis quaerat nemo, totam, quos, doloribus consectetur?
            </p>
          </div>
          <div
            class="c8"
          >
            <h3
              class="c3 c9"
            >
              Teste 3
            </h3>
            <p
              class="c5 c6"
            >
              Lorem ipsum dolor sit amet consectetur, adipisicing elit. Autem vitae unde at, iste quaerat, numquam ullam natus molestiae voluptatum dolorem quibusdam iusto reprehenderit maxime suscipit, accusantium quos? Ipsam pariatur fugit molestias perferendis nisi quis quaerat nemo, totam, quos, doloribus consectetur?
            </p>
          </div>
        </div>
      </div>
    </div>
  </div>
</div>
`;
