// Jest Snapshot v1, https://goo.gl/fbAQLP

exports[`<GridTwoColumn/> should render grid with two columns 1`] = `
.c5 {
  color: #0A1128;
  font-size: 4rem;
  text-transform: uppercase;
}

.c2 {
  display: grid;
  grid-template-columns: 1fr 2fr;
  align-items: center;
  gap: 3.2rem;
}

.c2 .c4 {
  margin-bottom: 4rem;
}

.c0 {
  display: flex;
  align-items: center;
  min-height: 100vh;
  background: #FFFFFF;
  color: #0A1128;
}

.c1 {
  max-width: 120rem;
  margin: 0 auto;
  padding: 3.2rem;
}

.c6 {
  font-size: 2.4rem;
}

@media (max-width:768px) {
  .c2 {
    grid-template-columns: 1fr;
    text-align: center;
  }
}

@media (max-width:768px) {
  .c3 {
    margin-bottom: 3.2rem;
  }
}

<div>
  <div
    class="c0"
  >
    <div
      class="c1"
    >
      <div
        class="c2"
      >
        <div
          class="c3"
        >
          <h2
            class="c4 c5"
          >
            Grid Two Columns
          </h2>
          <div
            class="c6"
          >
            Lorem ipsum dolor sit amet consectetur adipisicing elit. Distinctio fugit repudiandae dignissimos sequi delectus accusamus blanditiis, quisquam dolores esse libero reprehenderit enim? Fugiat optio labore distinctio asperiores quisquam suscipit ipsam?
          </div>
        </div>
        <div
          class=""
        >
          <img
            alt="Grid Two Columns"
            class=""
            src="assets/images/javascript.svg"
          />
        </div>
      </div>
    </div>
  </div>
</div>
`;
