// Jest Snapshot v1, https://goo.gl/fbAQLP

exports[`<GridImage/> should render with background 1`] = `
.c3 {
  color: #0A1128;
  font-size: 6.4rem;
  text-transform: uppercase;
}

.c5 {
  font-size: 2.4rem;
}

.c2 >.c4 {
  margin-bottom: 6.4rem;
}

.c6 {
  display: grid;
  grid-template-columns: repeat(auto-fill, minmax(280px, 1fr));
  gap: 3.2rem;
}

.c7 {
  overflow: hidden;
}

.c8 {
  width: 100%;
  transition: all 300ms ease-in-out;
}

.c8:hover {
  transform: scale(1.2) rotate(10deg);
}

.c0 {
  display: flex;
  align-items: center;
  min-height: 100vh;
  background: #FFFFFF;
  color: #0A1128;
}

.c1 {
  max-width: 120rem;
  margin: 0 auto;
  padding: 3.2rem;
}

@media (max-width:768px) {
  .c3 {
    font-size: 4rem;
  }
}

<div>
  <div
    class="c0"
  >
    <div
      class="c1"
    >
      <div
        class="c2"
      >
        <h2
          class="c3"
        >
          My grid image
        </h2>
        <div
          class="c4 c5"
        >
          Lorem ipsum dolor sit, amet consectetur adipisicing elit. Provident harum quo esse cupiditate et ab optio debitis, est facilis in deleniti inventore vel aperiam cumque consequuntur nesciunt nemo qui necessitatibus.
        </div>
        <div
          class="c6"
        >
          <div
            class="c7"
          >
            <img
              alt="Teste 1"
              class="c8"
              src="https://source.unsplash.com/random/800x800"
            />
          </div>
          <div
            class="c7"
          >
            <img
              alt="Teste 2"
              class="c8"
              src="https://source.unsplash.com/random/800x800"
            />
          </div>
          <div
            class="c7"
          >
            <img
              alt="Teste 3"
              class="c8"
              src="https://source.unsplash.com/random/800x800"
            />
          </div>
          <div
            class="c7"
          >
            <img
              alt="Teste 4"
              class="c8"
              src="https://source.unsplash.com/random/800x800"
            />
          </div>
          <div
            class="c7"
          >
            <img
              alt="Teste 5"
              class="c8"
              src="https://source.unsplash.com/random/800x800"
            />
          </div>
          <div
            class="c7"
          >
            <img
              alt="Teste 6"
              class="c8"
              src="https://source.unsplash.com/random/800x800"
            />
          </div>
        </div>
      </div>
    </div>
  </div>
</div>
`;

exports[`<GridImage/> should render withou background 1`] = `
.c3 {
  color: #0A1128;
  font-size: 6.4rem;
  text-transform: uppercase;
}

.c5 {
  font-size: 2.4rem;
}

.c2 >.c4 {
  margin-bottom: 6.4rem;
}

.c6 {
  display: grid;
  grid-template-columns: repeat(auto-fill, minmax(280px, 1fr));
  gap: 3.2rem;
}

.c7 {
  overflow: hidden;
}

.c8 {
  width: 100%;
  transition: all 300ms ease-in-out;
}

.c8:hover {
  transform: scale(1.2) rotate(10deg);
}

.c0 {
  display: flex;
  align-items: center;
  min-height: 100vh;
  background: #FFFFFF;
  color: #0A1128;
}

.c1 {
  max-width: 120rem;
  margin: 0 auto;
  padding: 3.2rem;
}

@media (max-width:768px) {
  .c3 {
    font-size: 4rem;
  }
}

<div>
  <div
    class="c0"
  >
    <div
      class="c1"
    >
      <div
        class="c2"
      >
        <h2
          class="c3"
        >
          My grid image
        </h2>
        <div
          class="c4 c5"
        >
          Lorem ipsum dolor sit, amet consectetur adipisicing elit. Provident harum quo esse cupiditate et ab optio debitis, est facilis in deleniti inventore vel aperiam cumque consequuntur nesciunt nemo qui necessitatibus.
        </div>
        <div
          class="c6"
        >
          <div
            class="c7"
          >
            <img
              alt="Teste 1"
              class="c8"
              src="https://source.unsplash.com/random/800x800"
            />
          </div>
          <div
            class="c7"
          >
            <img
              alt="Teste 2"
              class="c8"
              src="https://source.unsplash.com/random/800x800"
            />
          </div>
          <div
            class="c7"
          >
            <img
              alt="Teste 3"
              class="c8"
              src="https://source.unsplash.com/random/800x800"
            />
          </div>
          <div
            class="c7"
          >
            <img
              alt="Teste 4"
              class="c8"
              src="https://source.unsplash.com/random/800x800"
            />
          </div>
          <div
            class="c7"
          >
            <img
              alt="Teste 5"
              class="c8"
              src="https://source.unsplash.com/random/800x800"
            />
          </div>
          <div
            class="c7"
          >
            <img
              alt="Teste 6"
              class="c8"
              src="https://source.unsplash.com/random/800x800"
            />
          </div>
        </div>
      </div>
    </div>
  </div>
</div>
`;
